#-----------------------------------------------------------
# Vivado v2022.2 (64-bit)
# SW Build 3671981 on Fri Oct 14 04:59:54 MDT 2022
# IP Build 3669848 on Fri Oct 14 08:30:02 MDT 2022
# Start of session at: Sun Aug 27 17:50:04 2023
# Process ID: 981536
# Current directory: /home/askyvalos/cva6/corev_apu/fpga/xilinx/xlnx_axi_dwidth_converter_dm_master/xlnx_axi_dwidth_converter_dm_master.runs/xlnx_axi_dwidth_converter_dm_master_synth_1
# Command line: vivado -log xlnx_axi_dwidth_converter_dm_master.vds -product Vivado -mode batch -messageDb vivado.pb -notrace -source xlnx_axi_dwidth_converter_dm_master.tcl
# Log file: /home/askyvalos/cva6/corev_apu/fpga/xilinx/xlnx_axi_dwidth_converter_dm_master/xlnx_axi_dwidth_converter_dm_master.runs/xlnx_axi_dwidth_converter_dm_master_synth_1/xlnx_axi_dwidth_converter_dm_master.vds
# Journal file: /home/askyvalos/cva6/corev_apu/fpga/xilinx/xlnx_axi_dwidth_converter_dm_master/xlnx_axi_dwidth_converter_dm_master.runs/xlnx_axi_dwidth_converter_dm_master_synth_1/vivado.jou
# Running On: tom-tom, OS: Linux, CPU Frequency: 2200.000 MHz, CPU Physical cores: 24, Host memory: 135006 MB
#-----------------------------------------------------------
source xlnx_axi_dwidth_converter_dm_master.tcl -notrace
